2025-02-24 17:37:54,511 - INFO - 程序开始执行
2025-02-24 17:37:54,511 - INFO - 正在处理第 1 个任务
2025-02-24 17:37:54,511 - INFO - 正在处理第 2 个任务
2025-02-24 17:37:54,511 - INFO - 正在处理第 3 个任务
2025-02-24 17:37:54,511 - INFO - 正在处理第 4 个任务
2025-02-24 17:37:54,511 - INFO - 正在处理第 5 个任务
2025-02-24 17:37:54,511 - INFO - 程序执行完成
2025-02-24 17:44:04,854 - INFO - 程序开始执行
2025-02-24 17:44:04,941 - INFO - 程序开始执行 => main
2025-02-24 17:44:04,941 - INFO - 程序开始执行 => api
2025-02-24 17:44:05,372 - INFO - 程序开始执行 => width
2025-02-24 17:44:05,373 - INFO - 程序开始执行 => initHeight
2025-02-24 17:44:05,419 - INFO - 程序开始执行 => mimetypes
2025-02-24 17:44:05,419 - INFO - 程序开始执行 => window
2025-02-24 17:44:05,422 - INFO - 程序开始执行 => api.set_window(window)
2025-02-24 17:44:09,584 - INFO - 程序开始执行 => webview.start
2025-02-24 17:44:16,534 - INFO - 程序开始执行
2025-02-24 17:44:16,627 - INFO - 程序开始执行 => main
2025-02-24 17:44:16,627 - INFO - 程序开始执行 => api
2025-02-24 17:44:17,048 - INFO - 程序开始执行 => width
2025-02-24 17:44:17,048 - INFO - 程序开始执行 => initHeight
2025-02-24 17:44:17,096 - INFO - 程序开始执行 => mimetypes
2025-02-24 17:44:17,096 - INFO - 程序开始执行 => window
2025-02-24 17:44:17,096 - INFO - 程序开始执行 => api.set_window(window)
2025-02-24 17:44:27,151 - INFO - 程序开始执行 => webview.start
